// Jest Snapshot v1, https://goo.gl/fbAQLP

exports[`Should render Login component correctly 1`] = `
<DocumentFragment>
  <div>
    <form
      data-testid="form"
    >
      <label
        for="username_login"
      >
        Username:
      </label>
      <input
        data-testid="username_input"
        id="username_login"
        name="username"
        placeholder="Username"
        type="text"
        value=""
      />
      <label
        for="password_login"
      >
        Password:
      </label>
      <input
        data-testid="password_input"
        id="password_login"
        name="password"
        placeholder="Password"
        type="password"
        value=""
      />
      <button
        data-testid="button"
      >
        Login
      </button>
    </form>
    Have not an account? 
    <a>
      Create one here.
    </a>
  </div>
</DocumentFragment>
`;
