// Jest Snapshot v1, https://goo.gl/fbAQLP

exports[`Should render Login component correctly 1`] = `
<DocumentFragment>
  <div
    class="content-container"
  >
    <form
      class="login-form"
      data-testid="form"
    >
      <div>
        <label
          for="username_login"
        >
          Username:
        </label>
        <input
          data-testid="username_input"
          id="username_login"
          name="username"
          placeholder="Username"
          type="text"
          value=""
        />
      </div>
      <div>
        <label
          for="password_login"
        >
          Password:
        </label>
        <input
          data-testid="password_input"
          id="password_login"
          name="password"
          placeholder="Password"
          type="password"
          value=""
        />
      </div>
      <div>
        <button
          data-testid="button"
        >
          Login
        </button>
      </div>
      <div
        class="login-form__link"
      >
        Have not an account? 
        <a>
          Create one here.
        </a>
      </div>
    </form>
  </div>
</DocumentFragment>
`;
