// Jest Snapshot v1, https://goo.gl/fbAQLP

exports[`Should render ModalEdit component correctly 1`] = `
<DocumentFragment>
  <div
    class="edit-modal__buttons"
  >
    <abbr
      title="Close"
    >
      <button
        class="edit-modal__close-button"
        data-testid="close_button"
      >
        X
      </button>
    </abbr>
  </div>
  <div
    class="edit-modal__form"
  >
    NewBlog
  </div>
</DocumentFragment>
`;
