// Jest Snapshot v1, https://goo.gl/fbAQLP

exports[`Should render ModalEditProfile component correctly 1`] = `
<DocumentFragment>
  <h5
    class="modal-edit-profile__title"
  >
    Edit profile
  </h5>
  <form
    class="modal-edit-profile__form"
    data-testid="form"
  >
    <textarea
      data-testid="bio_input"
      placeholder="Bio"
      type="text"
    />
    <div
      class="modal-edit-profile__buttons"
    >
      <abbr
        title="Save Changes"
      >
        <button
          class="save-button"
          data-testid="save_button"
        >
          Save New Infos
        </button>
      </abbr>
    </div>
  </form>
  <div
    class="modal-edit-profile__buttons"
  >
    <abbr
      title="Close"
    >
      <button
        class="close-button"
        data-testid="close_button"
      >
        X
      </button>
    </abbr>
  </div>
</DocumentFragment>
`;
