// Jest Snapshot v1, https://goo.gl/fbAQLP

exports[`Should render Register component correctly 1`] = `
<DocumentFragment>
  <div
    class="content-container"
  >
    <form
      class="register-form"
      data-testid="form"
    >
      <div
        class="register-form__lab-inp"
      >
        <div>
          <label
            for="username_new"
          >
            Username:
          </label>
        </div>
        <div>
          <input
            data-testid="username"
            id="username_new"
            maxlength="35"
            name="username"
            placeholder="Username"
            type="text"
            value=""
          />
        </div>
      </div>
      <div
        class="register-form__lab-inp"
      >
        <div>
          <label
            for="email_new"
          >
            Email:
          </label>
        </div>
        <div>
          <input
            data-testid="email"
            id="email_new"
            maxlength="70"
            name="email"
            placeholder="Email"
            type="email"
            value=""
          />
        </div>
      </div>
      <div
        class="register-form__lab-inp"
      >
        <div>
          <label
            for="password_new"
          >
            Password:
          </label>
        </div>
        <div>
          <input
            data-testid="password"
            id="password_new"
            maxlength="120"
            name="password"
            placeholder="Password"
            type="password"
            value=""
          />
        </div>
      </div>
      <div
        class="register-form__lab-inp"
      >
        <div>
          <label
            for="confirmation_new"
          >
            Confirmation:
          </label>
        </div>
        <div>
          <input
            data-testid="confirmation"
            id="confirmation_new"
            maxlength="120"
            name="confirmation"
            placeholder="Password (Again)"
            type="password"
            value=""
          />
        </div>
      </div>
      <div>
        <button
          data-testid="button"
        >
          Register
        </button>
      </div>
      <div
        class="register-form__link"
      >
        Already have an account? 
        <a>
          Log In here.
        </a>
      </div>
    </form>
  </div>
</DocumentFragment>
`;
